This is LuaHBTeX, Version 1.14.0 (TeX Live 2022/dev/Debian)  (format=lualatex 2026.1.20)  21 JAN 2026 18:29
 restricted system commands enabled.
**/home/nodys/Documents/ADIS/ADIS_GraphEMB/report/main
(/home/nodys/Documents/ADIS/ADIS_GraphEMB/report/main.tex
LaTeX2e <2021-11-15> patch level 1
Lua module: luaotfload 2021-05-21 3.18 Lua based OpenType font support
Lua module: lualibs 2021-05-20 2.74 ConTeXt Lua standard libraries.
Lua module: lualibs-extended 2021-05-20 2.74 ConTeXt Lua libraries -- extended collection.
luaotfload | conf : Root cache directory is "/home/nodys/.texlive2021/texmf-var/luatex-cache/generic/names".
luaotfload | init : Loading fontloader "fontloader-2021-05-20.lua" from kpse-resolved path "/usr/share/texlive/texmf-dist/tex/luatex/luaotfload/fontloader-2021-05-20.lua".
Lua-only attribute luaotfload@noligature = 1
Lua-only attribute luaotfload@syllabe = 2
luaotfload | init : Context OpenType loader version 3.116
Inserting `luaotfload.node_processor' at position 1 in `pre_linebreak_filter'.
Inserting `luaotfload.node_processor' at position 1 in `hpack_filter'.
Inserting `luaotfload.glyph_stream' at position 1 in `glyph_stream_provider'.
Inserting `luaotfload.define_font' at position 1 in `define_font'.
Lua-only attribute luaotfload_color_attribute = 3
luaotfload | conf : Root cache directory is "/home/nodys/.texlive2021/texmf-var/luatex-cache/generic/names".
Inserting `luaotfload.harf.strip_prefix' at position 1 in `find_opentype_file'.
Inserting `luaotfload.harf.strip_prefix' at position 1 in `find_truetype_file'.
Inserting `luaotfload.harf.finalize_vlist' at position 1 in `post_linebreak_filter'.
Inserting `luaotfload.harf.finalize_hlist' at position 2 in `hpack_filter'.
Inserting `luaotfload.cleanup_files' at position 1 in `wrapup_run'.
Inserting `luaotfload.harf.finalize_unicode' at position 1 in `finish_pdffile'.
Inserting `luaotfload.glyphinfo' at position 1 in `glyph_info'.
Lua-only attribute luaotfload.letterspace_done = 4
Inserting `luaotfload.aux.set_sscale_dimens' at position 1 in `luaotfload.patch_font'.
Inserting `luaotfload.aux.set_font_index' at position 2 in `luaotfload.patch_font'.
Inserting `luaotfload.aux.patch_cambria_domh' at position 3 in `luaotfload.patch_font'.
Inserting `luaotfload.aux.fixup_fontdata' at position 1 in `luaotfload.patch_font_unsafe'.
Inserting `luaotfload.aux.set_capheight' at position 4 in `luaotfload.patch_font'.
Inserting `luaotfload.aux.set_xheight' at position 5 in `luaotfload.patch_font'.
Inserting `luaotfload.rewrite_fontname' at position 6 in `luaotfload.patch_font'. L3 programming layer <2022-01-21>
Inserting `tracingstacklevels' at position 1 in `input_level_string'. (/usr/share/texlive/texmf-dist/tex/latex/ieeetran/IEEEtran.cls
Document Class: IEEEtran 2015/08/26 V1.8b by Michael Shell
-- See the "IEEEtran_HOWTO" manual for usage information.
-- http://www.michaelshell.org/tex/ieeetran/
\@IEEEtrantmpdimenA=\dimen137
\@IEEEtrantmpdimenB=\dimen138
\@IEEEtrantmpdimenC=\dimen139
\@IEEEtrantmpcountA=\count183
\@IEEEtrantmpcountB=\count184
\@IEEEtrantmpcountC=\count185
\@IEEEtrantmptoksA=\toks16
LaTeX Font Info:    Trying to load font information for TU+ptm on input line 503.
LaTeX Font Info:    No file TUptm.fd. on input line 503.

LaTeX Font Warning: Font shape `TU/ptm/m/n' undefined
(Font)              using `TU/lmr/m/n' instead on input line 503.

luaotfload | db : Font names database loaded from /home/nodys/.texlive2021/texmf-var/luatex-cache/generic/names/luaotfload-names.luc
-- Using 8.5in x 11in (letter) paper.
-- Using DVI output.
\@IEEEnormalsizeunitybaselineskip=\dimen140
-- This is a 10 point document.
\CLASSINFOnormalsizebaselineskip=\dimen141
\CLASSINFOnormalsizeunitybaselineskip=\dimen142
\IEEEnormaljot=\dimen143

LaTeX Font Warning: Font shape `TU/ptm/bx/n' undefined
(Font)              using `TU/ptm/m/n' instead on input line 1090.


LaTeX Font Warning: Font shape `TU/ptm/m/it' undefined
(Font)              using `TU/ptm/m/n' instead on input line 1090.


LaTeX Font Warning: Font shape `TU/ptm/bx/it' undefined
(Font)              using `TU/ptm/bx/n' instead on input line 1090.

\IEEEquantizedlength=\dimen144
\IEEEquantizedlengthdiff=\dimen145
\IEEEquantizedtextheightdiff=\dimen146
\IEEEilabelindentA=\dimen147
\IEEEilabelindentB=\dimen148
\IEEEilabelindent=\dimen149
\IEEEelabelindent=\dimen150
\IEEEdlabelindent=\dimen151
\IEEElabelindent=\dimen152
\IEEEiednormlabelsep=\dimen153
\IEEEiedmathlabelsep=\dimen154
\IEEEiedtopsep=\skip47
\c@section=\count186
\c@subsection=\count187
\c@subsubsection=\count188
\c@paragraph=\count189
\c@IEEEsubequation=\count190
\abovecaptionskip=\skip48
\belowcaptionskip=\skip49
\c@figure=\count191
\c@table=\count192
\@IEEEeqnnumcols=\count193
\@IEEEeqncolcnt=\count194
\@IEEEsubeqnnumrollback=\count195
\@IEEEquantizeheightA=\dimen155
\@IEEEquantizeheightB=\dimen156
\@IEEEquantizeheightC=\dimen157
\@IEEEquantizeprevdepth=\dimen158
\@IEEEquantizemultiple=\count196
\@IEEEquantizeboxA=\box50
\@IEEEtmpitemindent=\dimen159
\IEEEPARstartletwidth=\dimen160
\c@IEEEbiography=\count197
\@IEEEtranrubishbin=\box51
)
** ATTENTION: Overriding command lockouts (line 2).
(./preamble/packages.tex (/usr/share/texlive/texmf-dist/tex/latex/cite/cite.sty
LaTeX Info: Redefining \cite on input line 302.
LaTeX Info: Redefining \nocite on input line 332.
Package: cite 2015/02/27  v 5.5
) (/usr/share/texlive/texmf-dist/tex/latex/amsmath/amsmath.sty
Package: amsmath 2021/10/15 v2.17l AMS math features
\@mathmargin=\skip50

For additional information on amsmath, use the `?' option.
(/usr/share/texlive/texmf-dist/tex/latex/amsmath/amstext.sty
Package: amstext 2021/08/26 v2.01 AMS text
 (/usr/share/texlive/texmf-dist/tex/latex/amsmath/amsgen.sty
File: amsgen.sty 1999/11/30 v2.0 generic functions
\@emptytoks=\toks17
\ex@=\dimen161
)) (/usr/share/texlive/texmf-dist/tex/latex/amsmath/amsbsy.sty
Package: amsbsy 1999/11/29 v1.2d Bold Symbols
\pmbraise@=\dimen162
) (/usr/share/texlive/texmf-dist/tex/latex/amsmath/amsopn.sty
Package: amsopn 2021/08/26 v2.02 operator names
)
\inf@bad=\count198
LaTeX Info: Redefining \frac on input line 236.
\uproot@=\count199
\leftroot@=\count266
LaTeX Info: Redefining \overline on input line 399.
\classnum@=\count267
\DOTSCASE@=\count268
LaTeX Info: Redefining \ldots on input line 496.
LaTeX Info: Redefining \dots on input line 499.
LaTeX Info: Redefining \cdots on input line 620.
\Mathstrutbox@=\box52
\strutbox@=\box53
\big@size=\dimen163
LaTeX Font Info:    Redeclaring font encoding OML on input line 743.
LaTeX Font Info:    Redeclaring font encoding OMS on input line 744.
\macc@depth=\count269
\c@MaxMatrixCols=\count270
\dotsspace@=\muskip16
\c@parentequation=\count271
\dspbrk@lvl=\count272
\tag@help=\toks18
\row@=\count273
\column@=\count274
\maxfields@=\count275
\andhelp@=\toks19
\eqnshift@=\dimen164
\alignsep@=\dimen165
\tagshift@=\dimen166
\tagwidth@=\dimen167
\totwidth@=\dimen168
\lineht@=\dimen169
\@envbody=\toks20
\multlinegap=\skip51
\multlinetaggap=\skip52
\mathdisplay@stack=\toks21
LaTeX Info: Redefining \[ on input line 2938.
LaTeX Info: Redefining \] on input line 2939.
) (/usr/share/texlive/texmf-dist/tex/latex/amsfonts/amssymb.sty
Package: amssymb 2013/01/14 v3.01 AMS font symbols
 (/usr/share/texlive/texmf-dist/tex/latex/amsfonts/amsfonts.sty
Package: amsfonts 2013/01/14 v3.01 Basic AMSFonts support
\symAMSa=\mathgroup4
\symAMSb=\mathgroup5
LaTeX Font Info:    Redeclaring math symbol \hbar on input line 98.
LaTeX Font Info:    Overwriting math alphabet `\mathfrak' in version `bold'
(Font)                  U/euf/m/n --> U/euf/b/n on input line 106.
)) (/usr/share/texlive/texmf-dist/tex/latex/graphics/graphicx.sty
Package: graphicx 2021/09/16 v1.2d Enhanced LaTeX Graphics (DPC,SPQR)
 (/usr/share/texlive/texmf-dist/tex/latex/graphics/keyval.sty
Package: keyval 2014/10/28 v1.15 key=value parser (DPC)
\KV@toks@=\toks22
) (/usr/share/texlive/texmf-dist/tex/latex/graphics/graphics.sty
Package: graphics 2021/03/04 v1.4d Standard LaTeX Graphics (DPC,SPQR)
 (/usr/share/texlive/texmf-dist/tex/latex/graphics/trig.sty
Package: trig 2021/08/11 v1.11 sin cos tan (DPC)
) (/usr/share/texlive/texmf-dist/tex/latex/graphics-cfg/graphics.cfg
File: graphics.cfg 2016/06/04 v1.11 sample graphics configuration
)
Package graphics Info: Driver file: luatex.def on input line 107.
 (/usr/share/texlive/texmf-dist/tex/latex/graphics-def/luatex.def
File: luatex.def 2021/06/01 v1.2c Graphics/color driver for luatex
))
\Gin@req@height=\dimen170
\Gin@req@width=\dimen171
) (/usr/share/texlive/texmf-dist/tex/latex/booktabs/booktabs.sty
Package: booktabs 2020/01/12 v1.61803398 Publication quality tables
\heavyrulewidth=\dimen172
\lightrulewidth=\dimen173
\cmidrulewidth=\dimen174
\belowrulesep=\dimen175
\belowbottomsep=\dimen176
\aboverulesep=\dimen177
\abovetopsep=\dimen178
\cmidrulesep=\dimen179
\cmidrulekern=\dimen180
\defaultaddspace=\dimen181
\@cmidla=\count276
\@cmidlb=\count277
\@aboverulesep=\dimen182
\@belowrulesep=\dimen183
\@thisruleclass=\count278
\@lastruleclass=\count279
\@thisrulewidth=\dimen184
) (/usr/share/texlive/texmf-dist/tex/latex/xcolor/xcolor.sty
Package: xcolor 2021/10/31 v2.13 LaTeX color extensions (UK)
 (/usr/share/texlive/texmf-dist/tex/latex/graphics-cfg/color.cfg
File: color.cfg 2016/01/02 v1.6 sample color configuration
)
Package xcolor Info: Driver file: luatex.def on input line 227.
Package xcolor Info: Model `cmy' substituted by `cmy0' on input line 1352.
Package xcolor Info: Model `hsb' substituted by `rgb' on input line 1356.
Package xcolor Info: Model `RGB' extended on input line 1368.
Package xcolor Info: Model `HTML' substituted by `rgb' on input line 1370.
Package xcolor Info: Model `Hsb' substituted by `hsb' on input line 1371.
Package xcolor Info: Model `tHsb' substituted by `hsb' on input line 1372.
Package xcolor Info: Model `HSB' substituted by `hsb' on input line 1373.
Package xcolor Info: Model `Gray' substituted by `gray' on input line 1374.
Package xcolor Info: Model `wave' substituted by `hsb' on input line 1375.
) (/usr/share/texlive/texmf-dist/tex/latex/algorithms/algorithm.sty
Package: algorithm 2009/08/24 v0.1 Document Style `algorithm' - floating environment
 (/usr/share/texlive/texmf-dist/tex/latex/float/float.sty
Package: float 2001/11/08 v1.3d Float enhancements (AL)
\c@float@type=\count280
\float@exts=\toks23
\float@box=\box54
\@float@everytoks=\toks24
\@floatcapt=\box55
) (/usr/share/texlive/texmf-dist/tex/latex/base/ifthen.sty
Package: ifthen 2020/11/24 v1.1c Standard LaTeX ifthen package (DPC)
)
\@float@every@algorithm=\toks25
\c@algorithm=\count281
) (/usr/share/texlive/texmf-dist/tex/latex/algorithmicx/algpseudocode.sty
Package: algpseudocode 
 (/usr/share/texlive/texmf-dist/tex/latex/algorithmicx/algorithmicx.sty
Package: algorithmicx 2005/04/27 v1.2 Algorithmicx

Document Style algorithmicx 1.2 - a greatly improved `algorithmic' style
\c@ALG@line=\count282
\c@ALG@rem=\count283
\c@ALG@nested=\count284
\ALG@tlm=\skip53
\ALG@thistlm=\skip54
\c@ALG@Lnr=\count285
\c@ALG@blocknr=\count286
\c@ALG@storecount=\count287
\c@ALG@tmpcounter=\count288
\ALG@tmplength=\skip55
)
Document Style - pseudocode environments for use with the `algorithmicx' style
) (/usr/share/texlive/texmf-dist/tex/latex/caption/subcaption.sty
Package: subcaption 2020/10/07 v1.3j Sub-captions (AR)
 (/usr/share/texlive/texmf-dist/tex/latex/caption/caption.sty
Package: caption 2020/10/26 v3.5g Customizing captions (AR)
 (/usr/share/texlive/texmf-dist/tex/latex/caption/caption3.sty
Package: caption3 2020/10/21 v2.2e caption3 kernel (AR)
\captionmargin=\dimen185
\captionmargin@=\dimen186
\captionwidth=\dimen187
\caption@tempdima=\dimen188
\caption@indent=\dimen189
\caption@parindent=\dimen190
\caption@hangindent=\dimen191
Package caption Info: Unknown document class (or package),
(caption)             standard defaults will be used.
Package caption Info: \@makecaption = \long macro:#1#2->\ifx \@captype \@IEEEtablestring \footnotesize \bgroup \par \centering \@IEEEtabletopskipstrut {\normalfont \footnotesize #1}\\{\normalfont \footnotesize \scshape #2}\par \addvspace {0.5\baselineskip }\egroup \@IEEEtablecaptionsepspace \else \@IEEEfigurecaptionsepspace \setbox \@tempboxa \hbox {\normalfont \footnotesize {#1.}\nobreakspace \nobreakspace #2}\ifdim \wd \@tempboxa >\hsize \setbox \@tempboxa \hbox {\normalfont \footnotesize {#1.}\nobreakspace \nobreakspace }\parbox [t]{\hsize }{\normalfont \footnotesize \noindent \unhbox \@tempboxa #2}\else \ifCLASSOPTIONconference \hbox to\hsize {\normalfont \footnotesize \hfil \box \@tempboxa \hfil }\else \hbox to\hsize {\normalfont \footnotesize \box \@tempboxa \hfil }\fi \fi \fi  on input line 1139.
)

Package caption Warning: Unknown document class (or package),
(caption)                standard defaults will be used.
See the caption package documentation for explanation.

\c@caption@flags=\count289
\c@continuedfloat=\count290
Package caption Info: float package is loaded.
)
\c@subfigure=\count291
\c@subtable=\count292
) (/usr/share/texlive/texmf-dist/tex/latex/fontspec/fontspec.sty (/usr/share/texlive/texmf-dist/tex/latex/l3packages/xparse/xparse.sty (/usr/share/texlive/texmf-dist/tex/latex/l3kernel/expl3.sty
Package: expl3 2022-01-21 L3 programming layer (loader) 
 (/usr/share/texlive/texmf-dist/tex/latex/l3backend/l3backend-luatex.def
File: l3backend-luatex.def 2022-01-12 L3 backend support: PDF output (LuaTeX)
\l__color_backend_stack_int=\count293
\l__pdf_internal_box=\box56
))
Package: xparse 2022-01-12 L3 Experimental document command parser
)
Package: fontspec 2022/01/15 v2.8a Font selection for XeLaTeX and LuaLaTeX
Lua module: fontspec 2022/01/15 2.8a Font selection for XeLaTeX and LuaLaTeX (/usr/share/texlive/texmf-dist/tex/latex/fontspec/fontspec-luatex.sty
Package: fontspec-luatex 2022/01/15 v2.8a Font selection for XeLaTeX and LuaLaTeX
\l__fontspec_script_int=\count294
\l__fontspec_language_int=\count295
\l__fontspec_strnum_int=\count296
\l__fontspec_tmp_int=\count297
\l__fontspec_tmpa_int=\count298
\l__fontspec_tmpb_int=\count299
\l__fontspec_tmpc_int=\count300
\l__fontspec_em_int=\count301
\l__fontspec_emdef_int=\count302
\l__fontspec_strong_int=\count303
\l__fontspec_strongdef_int=\count304
\l__fontspec_tmpa_dim=\dimen192
\l__fontspec_tmpb_dim=\dimen193
\l__fontspec_tmpc_dim=\dimen194
 (/usr/share/texlive/texmf-dist/tex/latex/base/fontenc.sty
Package: fontenc 2021/04/29 v2.0v Standard LaTeX package
) (/usr/share/texlive/texmf-dist/tex/latex/fontspec/fontspec.cfg))) (/usr/share/texlive/texmf-dist/tex/latex/wrapfig/wrapfig.sty
\wrapoverhang=\dimen195
\WF@size=\dimen196
\c@WF@wrappedlines=\count305
\WF@box=\box57
\WF@everypar=\toks26
Package: wrapfig 2003/01/31  v 3.6
) (/usr/share/texlive/texmf-dist/tex/latex/polyglossia/polyglossia.sty
Package: polyglossia 2021/04/12 v1.53 Modern multilingual typesetting with XeLaTeX and LuaLaTeX
 (/usr/share/texlive/texmf-dist/tex/latex/etoolbox/etoolbox.sty
Package: etoolbox 2020/10/05 v2.5k e-TeX tools for LaTeX (JAW)
\etb@tempcnta=\count306
) (/usr/share/texlive/texmf-dist/tex/latex/makecmds/makecmds.sty
Package: makecmds 2009/09/03 v1.0a extra command making commands
) (/usr/share/texlive/texmf-dist/tex/latex/xkeyval/xkeyval.sty
Package: xkeyval 2020/11/20 v2.8 package option processing (HA)
 (/usr/share/texlive/texmf-dist/tex/generic/xkeyval/xkeyval.tex (/usr/share/texlive/texmf-dist/tex/generic/xkeyval/xkvutils.tex
\XKV@toks=\toks27
\XKV@tempa@toks=\toks28
)
\XKV@depth=\count307
File: xkeyval.tex 2014/12/03 v2.7a key=value parser (HA)
)) (/usr/share/texlive/texmf-dist/tex/generic/iftex/iftex.sty
Package: iftex 2020/03/06 v1.0d TeX engine tests
) (/usr/share/texlive/texmf-dist/tex/latex/l3packages/l3keys2e/l3keys2e.sty
Package: l3keys2e 2022-01-12 LaTeX2e option processing using LaTeX3 keys
)

LaTeX hooks Warning: Generic hook 'file/after/tracklang.sty' is deprecated.
(hooks)              Use hook 'file/tracklang.sty/after' instead.

(/usr/share/texlive/texmf-dist/tex/luatex/luatexbase/luatexbase.sty
Package: luatexbase 2015/10/04 v1.3 luatexbase interface to LuaTeX 
 (/usr/share/texlive/texmf-dist/tex/luatex/ctablestack/ctablestack.sty
Package: ctablestack 2015/10/01 v1.0 Catcode table stable support
\@catcodetablestackcnt=\count308
)
\CatcodeTableOther=\catcodetable12
\CatcodeTableExpl=\catcodetable13
)
Lua module: polyglossia 2013/05/11 1.3 Polyglossia...texlive/texmf-dist/tex/latex/polyglossia/polyglossia.lua:71: module 'language.dat.lua' not found:
	no field package.preload['language.dat.lua']
	[kpse lua searcher] file not found: 'language.dat.lua'
stack traceback:
	[C]: in function 'require'
	...texlive/texmf-dist/tex/latex/polyglossia/polyglossia.lua:71: in main chunk
	[C]: in function 'require'
	[\directlua]:1: in main chunk.
\RequireLuaModule #1->\directlua {require("#1")}
                                                \@gobbleoptarg 
l.38   \RequireLuaModule{polyglossia}
                                   
The lua interpreter ran into a problem, so the
remainder of this lua chunk will be ignored.


LaTeX hooks Warning: Generic hook 'package/after/bidi' is deprecated.
(hooks)              Use hook 'package/bidi/after' instead.


LaTeX hooks Warning: Generic hook 'package/after/luabidi' is deprecated.
(hooks)              Use hook 'package/luabidi/after' instead.

(/usr/share/texlive/texmf-dist/tex/latex/polyglossia/gloss-latex.ldf
File: gloss-latex.ldf polyglossia: module for default language
The property list \polyglossia@langsetup contains the pairs (without outer
braces):
>  {latex/script}  =>  {latin}
>  {latex/lcscript}  =>  {latin}
>  {latex/scripttag}  =>  {}
>  {latex/language}  =>  {Latex}
>  {latex/langtag}  =>  {ENG}
>  {latex/bcp47}  =>  {}
>  {latex/hyphennames}  =>  {english}
>  {latex/direction}  =>  {LR}
>  {latex/hyphenmins}  =>  {2,3}
>  {latex/frenchspacing}  =>  {false}
>  {latex/indentfirst}  =>  {false}
>  {latex/fontsetup}  =>  {true}
>  {latex/envname}  =>  {latex}
>  {latex/babelname}  =>  {latex}
>  {latex/localnumeral}  =>  {polyglossia@C@localnumeral}
>  {latex/Localnumeral}  =>  {polyglossia@C@localnumeral}.
)
Package polyglossia Info: Default language is latex.
[\directlua]:1: attempt to call a nil value (field 'set_default_language')
stack traceback:
	[\directlua]:1: in main chunk.
\polyglossia@set@default@language:nn ...ing #2}')}
                                                  \fi 
l.2299 \setmainlanguage{latex}
                            
The lua interpreter ran into a problem, so the
remainder of this lua chunk will be ignored.

Package polyglossia Info: Setting LuaTeX font renderer to Harfbuzz.
) (/usr/share/texlive/texmf-dist/tex/latex/polyglossia/gloss-english.ldf
File: gloss-english.ldf polyglossia: module for english
The property list \polyglossia@langsetup contains the pairs (without outer
braces):
>  {latex/script}  =>  {latin}
>  {latex/lcscript}  =>  {latin}
>  {latex/scripttag}  =>  {}
>  {latex/language}  =>  {Latex}
>  {latex/langtag}  =>  {ENG}
>  {latex/bcp47}  =>  {}
>  {latex/hyphennames}  =>  {english}
>  {latex/direction}  =>  {LR}
>  {latex/hyphenmins}  =>  {2,3}
>  {latex/frenchspacing}  =>  {false}
>  {latex/indentfirst}  =>  {false}
>  {latex/fontsetup}  =>  {true}
>  {latex/envname}  =>  {latex}
>  {latex/babelname}  =>  {latex}
>  {latex/localnumeral}  =>  {polyglossia@C@localnumeral}
>  {latex/Localnumeral}  =>  {polyglossia@C@localnumeral}
>  {english/script}  =>  {latin}
>  {english/lcscript}  =>  {latin}
>  {english/scripttag}  =>  {}
>  {english/language}  =>  {English}
>  {english/langtag}  =>  {ENG}
>  {english/bcp47}  =>  {en-US}
>  {english/hyphennames}  =>  {english,american,usenglish,USenglish}
>  {english/direction}  =>  {LR}
>  {english/hyphenmins}  =>  {2,3}
>  {english/frenchspacing}  =>  {false}
>  {english/indentfirst}  =>  {false}
>  {english/fontsetup}  =>  {true}
>  {english/envname}  =>  {english}
>  {english/babelname}  =>  {english}
>  {english/localnumeral}  =>  {polyglossia@C@localnumeral}
>  {english/Localnumeral}  =>  {polyglossia@C@localnumeral}.
Package polyglossia Info: Option: English, variant=american.
)
Package polyglossia Info: Default language is english.
[\directlua]:1: attempt to call a nil value (field 'set_default_language')
stack traceback:
	[\directlua]:1: in main chunk.
\polyglossia@set@default@language:nn ...ing #2}')}
                                                  \fi 
l.14 \setdefaultlanguage{english}
                               
The lua interpreter ran into a problem, so the
remainder of this lua chunk will be ignored.

(/usr/share/texlive/texmf-dist/tex/latex/polyglossia/gloss-greek.ldf
File: gloss-greek.ldf polyglossia: module for greek
The property list \polyglossia@langsetup contains the pairs (without outer
braces):
>  {latex/script}  =>  {latin}
>  {latex/lcscript}  =>  {latin}
>  {latex/scripttag}  =>  {}
>  {latex/language}  =>  {Latex}
>  {latex/langtag}  =>  {ENG}
>  {latex/bcp47}  =>  {}
>  {latex/hyphennames}  =>  {english}
>  {latex/direction}  =>  {LR}
>  {latex/hyphenmins}  =>  {2,3}
>  {latex/frenchspacing}  =>  {false}
>  {latex/indentfirst}  =>  {false}
>  {latex/fontsetup}  =>  {true}
>  {latex/envname}  =>  {latex}
>  {latex/babelname}  =>  {latex}
>  {latex/localnumeral}  =>  {polyglossia@C@localnumeral}
>  {latex/Localnumeral}  =>  {polyglossia@C@localnumeral}
>  {english/script}  =>  {latin}
>  {english/lcscript}  =>  {latin}
>  {english/scripttag}  =>  {}
>  {english/language}  =>  {English}
>  {english/langtag}  =>  {ENG}
>  {english/bcp47}  =>  {en-US}
>  {english/hyphennames}  =>  {english,american,usenglish,USenglish}
>  {english/direction}  =>  {LR}
>  {english/hyphenmins}  =>  {2,3}
>  {english/frenchspacing}  =>  {false}
>  {english/indentfirst}  =>  {false}
>  {english/fontsetup}  =>  {true}
>  {english/envname}  =>  {english}
>  {english/babelname}  =>  {american}
>  {english/localnumeral}  =>  {polyglossia@C@localnumeral}
>  {english/Localnumeral}  =>  {polyglossia@C@localnumeral}
>  {greek/script}  =>  {Greek}
>  {greek/lcscript}  =>  {greek}
>  {greek/scripttag}  =>  {grek}
>  {greek/language}  =>  {Greek}
>  {greek/langtag}  =>  {ELL}
>  {greek/bcp47}  =>  {el-monoton}
>  {greek/hyphennames}  =>  {}
>  {greek/direction}  =>  {LR}
>  {greek/hyphenmins}  =>  {2,3}
>  {greek/frenchspacing}  =>  {true}
>  {greek/indentfirst}  =>  {true}
>  {greek/fontsetup}  =>  {true}
>  {greek/envname}  =>  {greek}
>  {greek/babelname}  =>  {greek}
>  {greek/localnumeral}  =>  {greeknumerals}
>  {greek/Localnumeral}  =>  {Greeknumerals}.
[\directlua]:1: attempt to call a nil value (field 'newloader')
stack traceback:
	[\directlua]:1: in main chunk.
<argument> ...tlua {tex.sprint(polyglossia.newloader'greek')}
                                                  \relax 
l.14 }
    
The lua interpreter ran into a problem, so the
remainder of this lua chunk will be ignored.

! Missing number, treated as zero.
<to be read again> 
\relax 
l.14 }
    
A number should have been here; I inserted `0'.
(If you can't figure out why I needed to see a number,
look up `weird error' in the index to The TeXbook.)

(/usr/share/texlive/texmf-dist/tex/latex/polyglossia/xgreek-fixes.def)[\directlua]:1: attempt to call a nil value (field 'newloader')
stack traceback:
	[\directlua]:1: in main chunk.
<argument> ... {tex.sprint(polyglossia.newloader'monogreek')}
                                                  \relax 
l.97 ...ons{greek}{variant=monotonic,numerals=greek}
                                                  
The lua interpreter ran into a problem, so the
remainder of this lua chunk will be ignored.

! Missing number, treated as zero.
<to be read again> 
\relax 
l.97 ...ons{greek}{variant=monotonic,numerals=greek}
                                                  
A number should have been here; I inserted `0'.
(If you can't figure out why I needed to see a number,
look up `weird error' in the index to The TeXbook.)

Package polyglossia Info: Option: Monotonic Greek.
\@attic@num=\count309
)) (./preamble/fonts.tex
luaotfload | cache : Lookup cache loaded from /home/nodys/.texlive2021/texmf-var/luatex-cache/generic/names/luaotfload-lookup-cache.luc.

Package fontspec Info: Font family 'TeXGyreTermes(0)' created for font 'TeX
(fontspec)             Gyre Termes' with options
(fontspec)             [Renderer=Harfbuzz,Ligatures=TeX].
(fontspec)              
(fontspec)              This font family consists of the following NFSS
(fontspec)             series/shapes:
(fontspec)              
(fontspec)             - 'normal' (m/n) with NFSS spec.:
(fontspec)             <->"TeXGyreTermes:mode=harf;script=latn;language=dflt;+tlig;"
(fontspec)             - 'small caps'  (m/sc) with NFSS spec.:
(fontspec)             <->"TeXGyreTermes:mode=harf;script=latn;language=dflt;+tlig;+smcp;"
(fontspec)             - 'bold' (b/n) with NFSS spec.:
(fontspec)             <->"TeXGyreTermes/B:mode=harf;script=latn;language=dflt;+tlig;"
(fontspec)             - 'bold small caps'  (b/sc) with NFSS spec.:
(fontspec)             <->"TeXGyreTermes/B:mode=harf;script=latn;language=dflt;+tlig;+smcp;"
(fontspec)             - 'italic' (m/it) with NFSS spec.:
(fontspec)             <->"TeXGyreTermes/I:mode=harf;script=latn;language=dflt;+tlig;"
(fontspec)             - 'italic small caps'  (m/scit) with NFSS spec.:
(fontspec)             <->"TeXGyreTermes/I:mode=harf;script=latn;language=dflt;+tlig;+smcp;"
(fontspec)             - 'bold italic' (b/it) with NFSS spec.:
(fontspec)             <->"TeXGyreTermes/BI:mode=harf;script=latn;language=dflt;+tlig;"
(fontspec)             - 'bold italic small caps'  (b/scit) with NFSS spec.:
(fontspec)             <->"TeXGyreTermes/BI:mode=harf;script=latn;language=dflt;+tlig;+smcp;"


Package fontspec Info: Font family 'FreeSerif(0)' created for font 'FreeSerif'
(fontspec)             with options [Renderer=Harfbuzz,Script=Greek].
(fontspec)              
(fontspec)              This font family consists of the following NFSS
(fontspec)             series/shapes:
(fontspec)              
(fontspec)             - 'normal' (m/n) with NFSS spec.:
(fontspec)             <->"FreeSerif:mode=harf;script=grek;language=dflt;"
(fontspec)             - 'small caps'  (m/sc) with NFSS spec.: 
(fontspec)             - 'bold' (b/n) with NFSS spec.:
(fontspec)             <->"FreeSerif/B:mode=harf;script=grek;language=dflt;"
(fontspec)             - 'bold small caps'  (b/sc) with NFSS spec.: 
(fontspec)             - 'italic' (m/it) with NFSS spec.:
(fontspec)             <->"FreeSerif/I:mode=harf;script=grek;language=dflt;"
(fontspec)             - 'italic small caps'  (m/scit) with NFSS spec.: 
(fontspec)             - 'bold italic' (b/it) with NFSS spec.:
(fontspec)             <->"FreeSerif/BI:mode=harf;script=grek;language=dflt;"
(fontspec)             - 'bold italic small caps'  (b/scit) with NFSS spec.: 

)
No file main.aux.

\openout1 = main.aux
LaTeX Font Info:    Checking defaults for OML/cmm/m/it on input line 8.
LaTeX Font Info:    ... okay on input line 8.
LaTeX Font Info:    Checking defaults for OMS/cmsy/m/n on input line 8.
LaTeX Font Info:    ... okay on input line 8.
LaTeX Font Info:    Checking defaults for OT1/cmr/m/n on input line 8.
LaTeX Font Info:    ... okay on input line 8.
LaTeX Font Info:    Checking defaults for T1/cmr/m/n on input line 8.
LaTeX Font Info:    ... okay on input line 8.
LaTeX Font Info:    Checking defaults for TS1/cmr/m/n on input line 8.
LaTeX Font Info:    Trying to load font information for TS1+cmr on input line 8.
(/usr/share/texlive/texmf-dist/tex/latex/base/ts1cmr.fd
File: ts1cmr.fd 2019/12/16 v2.5j Standard LaTeX font definitions
)
LaTeX Font Info:    ... okay on input line 8.
LaTeX Font Info:    Checking defaults for TU/lmr/m/n on input line 8.
LaTeX Font Info:    ... okay on input line 8.
LaTeX Font Info:    Checking defaults for OMX/cmex/m/n on input line 8.
LaTeX Font Info:    ... okay on input line 8.
LaTeX Font Info:    Checking defaults for U/cmr/m/n on input line 8.
LaTeX Font Info:    ... okay on input line 8.

-- Lines per column: 56 (exact).
(/usr/share/texlive/texmf-dist/tex/context/base/mkii/supp-pdf.mkii
[Loading MPS to PDF converter (version 2006.09.02).]
\scratchcounter=\count310
\scratchdimen=\dimen197
\scratchbox=\box58
\nofMPsegments=\count311
\nofMParguments=\count312
\everyMPshowfont=\toks29
\MPscratchCnt=\count313
\MPscratchDim=\dimen198
\MPnumerator=\count314
\makeMPintoPDFobject=\count315
\everyMPtoPDFconversion=\toks30
) (/usr/share/texlive/texmf-dist/tex/latex/epstopdf-pkg/epstopdf-base.sty
Package: epstopdf-base 2020-01-24 v2.11 Base part for package epstopdf
Package epstopdf-base Info: Redefining graphics rule for `.eps' on input line 485.
 (/usr/share/texlive/texmf-dist/tex/latex/latexconfig/epstopdf-sys.cfg
File: epstopdf-sys.cfg 2010/07/13 v1.3 Configuration of (r)epstopdf for TeX Live
))
Package caption Info: Begin \AtBeginDocument code.
Package caption Info: wrapfig package is loaded.
Package caption Info: End \AtBeginDocument code.

Package fontspec Info: Adjusting the maths setup (use [no-math] to avoid
(fontspec)             this).

\symlegacymaths=\mathgroup6
LaTeX Font Info:    Overwriting symbol font `legacymaths' in version `bold'
(Font)                  OT1/cmr/m/n --> OT1/cmr/bx/n on input line 8.
LaTeX Font Info:    Redeclaring math accent \acute on input line 8.
LaTeX Font Info:    Redeclaring math accent \grave on input line 8.
LaTeX Font Info:    Redeclaring math accent \ddot on input line 8.
LaTeX Font Info:    Redeclaring math accent \tilde on input line 8.
LaTeX Font Info:    Redeclaring math accent \bar on input line 8.
LaTeX Font Info:    Redeclaring math accent \breve on input line 8.
LaTeX Font Info:    Redeclaring math accent \check on input line 8.
LaTeX Font Info:    Redeclaring math accent \hat on input line 8.
LaTeX Font Info:    Redeclaring math accent \dot on input line 8.
LaTeX Font Info:    Redeclaring math accent \mathring on input line 8.
LaTeX Font Info:    Redeclaring math symbol \Gamma on input line 8.
LaTeX Font Info:    Redeclaring math symbol \Delta on input line 8.
LaTeX Font Info:    Redeclaring math symbol \Theta on input line 8.
LaTeX Font Info:    Redeclaring math symbol \Lambda on input line 8.
LaTeX Font Info:    Redeclaring math symbol \Xi on input line 8.
LaTeX Font Info:    Redeclaring math symbol \Pi on input line 8.
LaTeX Font Info:    Redeclaring math symbol \Sigma on input line 8.
LaTeX Font Info:    Redeclaring math symbol \Upsilon on input line 8.
LaTeX Font Info:    Redeclaring math symbol \Phi on input line 8.
LaTeX Font Info:    Redeclaring math symbol \Psi on input line 8.
LaTeX Font Info:    Redeclaring math symbol \Omega on input line 8.
LaTeX Font Info:    Redeclaring math symbol \mathdollar on input line 8.
LaTeX Font Info:    Redeclaring symbol font `operators' on input line 8.
LaTeX Font Info:    Encoding `OT1' has changed to `TU' for symbol font
(Font)              `operators' in the math version `normal' on input line 8.
LaTeX Font Info:    Overwriting symbol font `operators' in version `normal'
(Font)                  OT1/cmr/m/n --> TU/TeXGyreTermes(0)/m/n on input line 8.
LaTeX Font Info:    Encoding `OT1' has changed to `TU' for symbol font
(Font)              `operators' in the math version `bold' on input line 8.
LaTeX Font Info:    Overwriting symbol font `operators' in version `bold'
(Font)                  OT1/cmr/bx/n --> TU/TeXGyreTermes(0)/m/n on input line 8.
LaTeX Font Info:    Overwriting symbol font `operators' in version `normal'
(Font)                  TU/TeXGyreTermes(0)/m/n --> TU/TeXGyreTermes(0)/m/n on input line 8.
LaTeX Font Info:    Overwriting math alphabet `\mathit' in version `normal'
(Font)                  OT1/cmr/m/it --> TU/TeXGyreTermes(0)/m/it on input line 8.
LaTeX Font Info:    Overwriting math alphabet `\mathbf' in version `normal'
(Font)                  OT1/cmr/bx/n --> TU/TeXGyreTermes(0)/b/n on input line 8.
LaTeX Font Info:    Overwriting math alphabet `\mathsf' in version `normal'
(Font)                  OT1/cmss/m/n --> TU/lmss/m/n on input line 8.
LaTeX Font Info:    Overwriting math alphabet `\mathtt' in version `normal'
(Font)                  OT1/cmtt/m/n --> TU/lmtt/m/n on input line 8.
LaTeX Font Info:    Overwriting symbol font `operators' in version `bold'
(Font)                  TU/TeXGyreTermes(0)/m/n --> TU/TeXGyreTermes(0)/b/n on input line 8.
LaTeX Font Info:    Overwriting math alphabet `\mathit' in version `bold'
(Font)                  OT1/cmr/bx/it --> TU/TeXGyreTermes(0)/b/it on input line 8.
LaTeX Font Info:    Overwriting math alphabet `\mathsf' in version `bold'
(Font)                  OT1/cmss/bx/n --> TU/lmss/b/n on input line 8.
LaTeX Font Info:    Overwriting math alphabet `\mathtt' in version `bold'
(Font)                  OT1/cmtt/m/n --> TU/lmtt/b/n on input line 8.
LaTeX Info: Redefining \rmfamily on input line 8.
LaTeX Info: Redefining \sffamily on input line 8.
LaTeX Info: Redefining \ttfamily on input line 8.
[\directlua]:1: attempt to call a nil value (field 'select_language')
stack traceback:
	[\directlua]:1: in main chunk.
\polyglossia@select@language:nnn ...3\endcsname )}
                                                  \fi \polyglossia@register@...
l.8 \begin{document}
                  
The lua interpreter ran into a problem, so the
remainder of this lua chunk will be ignored.

(./sections/titlepage.tex
LaTeX Font Info:    Calculating math sizes for size <11> on input line 88.
LaTeX Font Info:    Trying to load font information for U+msa on input line 88.
 (/usr/share/texlive/texmf-dist/tex/latex/amsfonts/umsa.fd
File: umsa.fd 2013/01/14 v3.01 AMS symbols A
)
LaTeX Font Info:    Trying to load font information for U+msb on input line 88.
 (/usr/share/texlive/texmf-dist/tex/latex/amsfonts/umsb.fd
File: umsb.fd 2013/01/14 v3.01 AMS symbols B
)
LaTeX Info: Redefining \rmfamily on input line 88.
LaTeX Info: Redefining \sffamily on input line 88.
LaTeX Info: Redefining \ttfamily on input line 88.
LaTeX Info: Redefining \rmfamily on input line 88.
LaTeX Info: Redefining \sffamily on input line 88.
LaTeX Info: Redefining \ttfamily on input line 88.
LaTeX Info: Redefining \rmfamily on input line 88.
LaTeX Info: Redefining \sffamily on input line 88.
LaTeX Info: Redefining \ttfamily on input line 88.
LaTeX Info: Redefining \rmfamily on input line 88.
LaTeX Info: Redefining \sffamily on input line 88.
LaTeX Info: Redefining \ttfamily on input line 88.
LaTeX Info: Redefining \rmfamily on input line 88.
LaTeX Info: Redefining \sffamily on input line 88.
LaTeX Info: Redefining \ttfamily on input line 88.
LaTeX Info: Redefining \rmfamily on input line 88.
LaTeX Info: Redefining \sffamily on input line 88.
LaTeX Info: Redefining \ttfamily on input line 88.
LaTeX Info: Redefining \rmfamily on input line 88.
LaTeX Info: Redefining \sffamily on input line 88.
LaTeX Info: Redefining \ttfamily on input line 88.
LaTeX Info: Redefining \rmfamily on input line 88.
LaTeX Info: Redefining \sffamily on input line 88.
LaTeX Info: Redefining \ttfamily on input line 88.
LaTeX Info: Redefining \rmfamily on input line 88.
LaTeX Info: Redefining \sffamily on input line 88.
LaTeX Info: Redefining \ttfamily on input line 88.
) (./sections/introduction.tex

LaTeX Font Warning: Font shape `TU/FreeSerif(0)/m/sc' undefined
(Font)              using `TU/FreeSerif(0)/m/n' instead on input line 2.


LaTeX Warning: Citation `shervashidze2011wl' on page 1 undefined on input line 13.


LaTeX Warning: Citation `vishwanathan2010graphkernels' on page 1 undefined on input line 13.


LaTeX Warning: Citation `narayanangraph2vec' on page 1 undefined on input line 15.


LaTeX Warning: Citation `tsitsulin2018netlsd' on page 1 undefined on input line 15.


LaTeX Warning: Citation `xu2019gin' on page 1 undefined on input line 16.

<figures/svsu1.jpeg, id=1, 1268.74pt x 447.6725pt>
File: figures/svsu1.jpeg Graphic file (type jpg)
<use figures/svsu1.jpeg>
Package luatex.def Info: figures/svsu1.jpeg  used on input line 20.
(luatex.def)             Requested size: 252.0pt x 88.91129pt.

LaTeX Warning: Reference `fig:SupervsUn' on page 1 undefined on input line 25.


LaTeX Warning: Citation `errica2019fairgnn' on page 1 undefined on input line 44.


LaTeX Warning: Citation `dwivedi2020benchmarking' on page 1 undefined on input line 44.

[1
Non-PDF special ignored!


<./figures/svsu1.jpeg>]) (./sections/related_work.tex) (./sections/methods.tex

LaTeX Warning: Citation `narayanangraph2vec' on page 2 undefined on input line 13.


LaTeX Warning: Reference `alg:getwlsubgraph' on page 2 undefined on input line 113.


LaTeX Warning: Reference `alg:graph2vec' on page 2 undefined on input line 115.


LaTeX Warning: Citation `tsitsulin2018netlsd' on page 2 undefined on input line 118.


LaTeX Warning: Reference `alg:netlsd' on page 2 undefined on input line 123.


LaTeX Warning: Citation `xu2019gin' on page 2 undefined on input line 183.


LaTeX Warning: Reference `alg:gin_forward' on page 2 undefined on input line 187.


LaTeX Warning: Reference `alg:gin_train' on page 2 undefined on input line 190.

) (./sections/datasets.tex

LaTeX Warning: Citation `narayanangraph2vec' on page 2 undefined on input line 8.


LaTeX Warning: Citation `tsitsulin2018netlsd' on page 2 undefined on input line 8.


LaTeX Warning: Citation `xu2019gin' on page 2 undefined on input line 8.

[2]

LaTeX Warning: Citation `debnath1991mutag' on page 3 undefined on input line 12.


LaTeX Warning: Citation `rossi2015networkrepository' on page 3 undefined on input line 19.


LaTeX Warning: Citation `rossi2015networkrepository' on page 3 undefined on input line 24.

) (./sections/experimental_setup.tex [3]

LaTeX Warning: Reference `alg:gin_forward' on page 4 undefined on input line 73.


LaTeX Warning: Reference `alg:gin_train' on page 4 undefined on input line 73.

) (./sections/evaluation.tex [4]) (./sections/results.tex

LaTeX Warning: Reference `tab:gin_best' on page 5 undefined on input line 5.


LaTeX Warning: Reference `tab:graph2vec_best' on page 5 undefined on input line 5.


LaTeX Warning: Reference `tab:netlsd_best' on page 5 undefined on input line 5.

[5]
<figures/HEATMAP_AVG_accuracy_bef.png, id=42, 917.1063pt x 423.7431pt>
File: figures/HEATMAP_AVG_accuracy_bef.png Graphic file (type png)
<use figures/HEATMAP_AVG_accuracy_bef.png>
Package luatex.def Info: figures/HEATMAP_AVG_accuracy_bef.png  used on input line 106.
(luatex.def)             Requested size: 252.0pt x 116.43594pt.
<figures/PARETO_AVG_acc_vs_compute_cost_bef.png, id=43, 1002.6258pt x 423.7431pt>
File: figures/PARETO_AVG_acc_vs_compute_cost_bef.png Graphic file (type png)
<use figures/PARETO_AVG_acc_vs_compute_cost_bef.png>
Package luatex.def Info: figures/PARETO_AVG_acc_vs_compute_cost_bef.png  used on input line 113.
(luatex.def)             Requested size: 252.0pt x 106.5045pt.


LaTeX Warning: Reference `fig:heatmap' on page 6 undefined on input line 130.


LaTeX Warning: Reference `fig:peak_mem' on page 6 undefined on input line 130.

<figures/gen_bef.png, id=44, 464.73625pt x 359.3425pt>
File: figures/gen_bef.png Graphic file (type png)
<use figures/gen_bef.png>
Package luatex.def Info: figures/gen_bef.png  used on input line 136.
(luatex.def)             Requested size: 201.60077pt x 155.87955pt.

LaTeX Warning: `!h' float specifier changed to `!ht'.

<figures/train_bef.png, id=45, 464.73625pt x 359.3425pt>
File: figures/train_bef.png Graphic file (type png)
<use figures/train_bef.png>
Package luatex.def Info: figures/train_bef.png  used on input line 143.
(luatex.def)             Requested size: 201.60077pt x 155.87955pt.

LaTeX Warning: `!h' float specifier changed to `!ht'.

<figures/mem_bef.png, id=46, 464.73625pt x 359.3425pt>
File: figures/mem_bef.png Graphic file (type png)
<use figures/mem_bef.png>
Package luatex.def Info: figures/mem_bef.png  used on input line 151.
(luatex.def)             Requested size: 201.60077pt x 155.87955pt.

LaTeX Warning: `!h' float specifier changed to `!ht'.


LaTeX Warning: Reference `fig:heatmap' on page 6 undefined on input line 156.


LaTeX Warning: Reference `fig:pareto' on page 6 undefined on input line 159.

[6<./figures/HEATMAP_AVG_accuracy_bef.png><./figures/PARETO_AVG_acc_vs_compute_cost_bef.png><./figures/gen_bef.png><./figures/train_bef.png>]

LaTeX Warning: Reference `fig:embed_time' on page 7 undefined on input line 169.


LaTeX Warning: Reference `fig:peak_mem' on page 7 undefined on input line 169.


LaTeX Warning: Reference `fig:train_time' on page 7 undefined on input line 170.


LaTeX Warning: Reference `fig:embed_time' on page 7 undefined on input line 171.


LaTeX Warning: Reference `fig:peak_mem' on page 7 undefined on input line 173.


LaTeX Warning: Reference `tab:graph2vec_cluster_best' on page 7 undefined on input line 177.


LaTeX Warning: Reference `tab:netlsd_cluster_best' on page 7 undefined on input line 177.


LaTeX Warning: Reference `tab:gin_cluster_best' on page 7 undefined on input line 177.


LaTeX Warning: Reference `tab:graph2vec_cluster_best' on page 7 undefined on input line 180.


LaTeX Warning: Reference `fig:netlsd_kmeans' on page 7 undefined on input line 280.


LaTeX Warning: Reference `fig:gin_spectral' on page 7 undefined on input line 280.

<figures/NetLSD_kmeans_performance.png, id=54, 1156.32pt x 867.24pt>
File: figures/NetLSD_kmeans_performance.png Graphic file (type png)
<use figures/NetLSD_kmeans_performance.png>
Package luatex.def Info: figures/NetLSD_kmeans_performance.png  used on input line 286.
(luatex.def)             Requested size: 252.0pt x 188.9937pt.

LaTeX Warning: `!h' float specifier changed to `!ht'.

<figures/Graph2Vec_kmeans_performance.png, id=55, 1156.32pt x 867.24pt>
File: figures/Graph2Vec_kmeans_performance.png Graphic file (type png)
<use figures/Graph2Vec_kmeans_performance.png>
Package luatex.def Info: figures/Graph2Vec_kmeans_performance.png  used on input line 294.
(luatex.def)             Requested size: 252.0pt x 188.9937pt.

LaTeX Warning: `!h' float specifier changed to `!ht'.

<figures/GIN_kmeans_performance.png, id=56, 1156.32pt x 867.24pt>
File: figures/GIN_kmeans_performance.png Graphic file (type png)
<use figures/GIN_kmeans_performance.png>
Package luatex.def Info: figures/GIN_kmeans_performance.png  used on input line 302.
(luatex.def)             Requested size: 252.0pt x 188.9937pt.

LaTeX Warning: `!h' float specifier changed to `!ht'.

<figures/NetLSD_spectral_performance.png, id=57, 1156.32pt x 867.24pt>
File: figures/NetLSD_spectral_performance.png Graphic file (type png)
<use figures/NetLSD_spectral_performance.png>
Package luatex.def Info: figures/NetLSD_spectral_performance.png  used on input line 310.
(luatex.def)             Requested size: 252.0pt x 188.9937pt.

LaTeX Warning: `!h' float specifier changed to `!ht'.

<figures/Graph2Vec_spectral_performance.png, id=58, 1156.32pt x 867.24pt>
File: figures/Graph2Vec_spectral_performance.png Graphic file (type png)
<use figures/Graph2Vec_spectral_performance.png>
Package luatex.def Info: figures/Graph2Vec_spectral_performance.png  used on input line 318.
(luatex.def)             Requested size: 252.0pt x 188.9937pt.

LaTeX Warning: `!h' float specifier changed to `!ht'.

<figures/GIN_spectral_performance.png, id=59, 1156.32pt x 867.24pt>
File: figures/GIN_spectral_performance.png Graphic file (type png)
<use figures/GIN_spectral_performance.png>
Package luatex.def Info: figures/GIN_spectral_performance.png  used on input line 326.
(luatex.def)             Requested size: 252.0pt x 188.9937pt.

LaTeX Warning: `!h' float specifier changed to `!ht'.


LaTeX Warning: Reference `tab:stability_gin_best_cos' on page 7 undefined on input line 337.


LaTeX Warning: Reference `tab:stability_gin_best_l2' on page 7 undefined on input line 337.


LaTeX Warning: Reference `tab:stability_graph2vec' on page 7 undefined on input line 337.


LaTeX Warning: Reference `tab:stability_netlsd' on page 7 undefined on input line 337.

[7<./figures/mem_bef.png>] [8<./figures/NetLSD_kmeans_performance.png><./figures/Graph2Vec_kmeans_performance.png><./figures/GIN_kmeans_performance.png><./figures/NetLSD_spectral_performance.png>]

LaTeX Warning: Reference `tab:gin_best_per' on page 9 undefined on input line 584.


LaTeX Warning: Reference `tab:netlsd_best_per' on page 9 undefined on input line 584.

[9<./figures/Graph2Vec_spectral_performance.png><./figures/GIN_spectral_performance.png>]) (./sections/references.tex
Underfull \hbox (badness 2653) in paragraph at lines 75--79
[]\TU/TeXGyreTermes(0)/m/n/8 V. P. Dwivedi, C. K. Joshi, T. Lau-rent, Y. Ben-gio, and X.
 []

)

** Conference Paper **
Before submitting the final camera ready copy, remember to:

 1. Manually equalize the lengths of two columns on the last page
 of your paper;

 2. Ensure that any PostScript and/or PDF output post-processing
 uses only Type 1 fonts and that every step in the generation
 process uses the appropriate paper size.

The property list \polyglossia@langsetup contains the pairs (without outer
braces):
>  {latex/script}  =>  {latin}
>  {latex/lcscript}  =>  {latin}
>  {latex/scripttag}  =>  {}
>  {latex/language}  =>  {Latex}
>  {latex/langtag}  =>  {ENG}
>  {latex/bcp47}  =>  {}
>  {latex/hyphennames}  =>  {english}
>  {latex/direction}  =>  {LR}
>  {latex/hyphenmins}  =>  {2,3}
>  {latex/frenchspacing}  =>  {false}
>  {latex/indentfirst}  =>  {false}
>  {latex/fontsetup}  =>  {true}
>  {latex/envname}  =>  {latex}
>  {latex/babelname}  =>  {latex}
>  {latex/localnumeral}  =>  {polyglossia@C@localnumeral}
>  {latex/Localnumeral}  =>  {polyglossia@C@localnumeral}
>  {english/script}  =>  {latin}
>  {english/lcscript}  =>  {latin}
>  {english/scripttag}  =>  {}
>  {english/language}  =>  {English}
>  {english/langtag}  =>  {ENG}
>  {english/bcp47}  =>  {en-US}
>  {english/hyphennames}  =>  {english,american,usenglish,USenglish}
>  {english/direction}  =>  {LR}
>  {english/hyphenmins}  =>  {2,3}
>  {english/frenchspacing}  =>  {false}
>  {english/indentfirst}  =>  {false}
>  {english/fontsetup}  =>  {true}
>  {english/envname}  =>  {english}
>  {english/babelname}  =>  {american}
>  {english/localnumeral}  =>  {polyglossia@C@localnumeral}
>  {english/Localnumeral}  =>  {polyglossia@C@localnumeral}
>  {greek/script}  =>  {Greek}
>  {greek/lcscript}  =>  {greek}
>  {greek/scripttag}  =>  {grek}
>  {greek/language}  =>  {Greek}
>  {greek/langtag}  =>  {ELL}
>  {greek/bcp47}  =>  {el-monoton}
>  {greek/hyphennames}  =>  {}
>  {greek/direction}  =>  {LR}
>  {greek/hyphenmins}  =>  {2,3}
>  {greek/frenchspacing}  =>  {true}
>  {greek/indentfirst}  =>  {true}
>  {greek/fontsetup}  =>  {true}
>  {greek/envname}  =>  {greek}
>  {greek/babelname}  =>  {greek}
>  {greek/localnumeral}  =>  {greeknumerals}
>  {greek/Localnumeral}  =>  {Greeknumerals}.
[10] (./main.aux
LaTeX Info: Redefining \rmfamily on input line 6.
LaTeX Info: Redefining \sffamily on input line 6.
LaTeX Info: Redefining \ttfamily on input line 6.
[\directlua]:1: attempt to call a nil value (field 'select_language')
stack traceback:
	[\directlua]:1: in main chunk.
\polyglossia@select@language:nnn ...3\endcsname )}
                                                  \fi \polyglossia@register@...
l.6 \selectlanguage *{english}
                            
The lua interpreter ran into a problem, so the
remainder of this lua chunk will be ignored.

)

LaTeX Font Warning: Some font shapes were not available, defaults substituted.


LaTeX Warning: There were undefined references.


LaTeX Warning: Label(s) may have changed. Rerun to get cross-references right.

)

Here is how much of LuaTeX's memory you used:
 10577 strings out of 477805
 195333,662416 words of node,token memory allocated
 521 words of node memory still in use:
   6 hlist, 2 vlist, 2 rule, 2 glue, 4 kern, 1 glyph, 14 attribute, 53 glue_spec, 14 attribute_list, 1 write nodes
   avail lists: 1:1,2:2887,3:554,4:242,5:1160,6:143,7:16785,8:47,9:1233,10:20,11:1540
 30775 multiletter control sequences out of 65536+600000
 151 fonts using 73085959 bytes
 73i,12n,87p,848b,512s stack positions out of 5000i,500n,10000p,200000b,80000s
<</usr/share/texlive/texmf-dist/fonts/pk/ljfour/public/cm/dpi600/cmmi7.pk>><</usr/share/texlive/texmf-dist/fonts/pk/ljfour/public/cm/dpi600/cmr7.pk>><</usr/share/texlive/texmf-dist/fonts/pk/ljfour/public/cm/dpi600/cmsy10.pk>><</usr/share/texlive/texmf-dist/fonts/pk/ljfour/public/cm/dpi600/cmr10.pk>></usr/share/texmf/fonts/opentype/public/lm/lmmono10-regular.otf><</home/nodys/.texlive2021/texmf-var/fonts/pk/ljfour/public/cm/cmmi5.600pk>><</usr/share/texlive/texmf-dist/fonts/pk/ljfour/public/cm/dpi600/cmr6.pk>></usr/share/texmf/fonts/opentype/public/tex-gyre/texgyretermes-italic.otf><</usr/share/texlive/texmf-dist/fonts/pk/ljfour/public/cm/dpi600/cmmi10.pk>><</home/nodys/.texlive2021/texmf-var/fonts/pk/ljfour/public/amsfonts/cmextra/cmex8.600pk>><</home/nodys/.texlive2021/texmf-var/fonts/pk/ljfour/public/cm/cmmi6.600pk>><</home/nodys/.texlive2021/texmf-var/fonts/pk/ljfour/public/cm/cmsy6.600pk>><</home/nodys/.texlive2021/texmf-var/fonts/pk/ljfour/public/amsfonts/symbols/msbm10.480pk>><</usr/share/texlive/texmf-dist/fonts/pk/ljfour/public/cm/dpi600/cmr8.pk>><</home/nodys/.texlive2021/texmf-var/fonts/pk/ljfour/public/cm/cmmi8.600pk>><</home/nodys/.texlive2021/texmf-var/fonts/pk/ljfour/public/cm/cmsy8.600pk>><</usr/share/texlive/texmf-dist/fonts/pk/ljfour/public/cm/dpi600/cmsy7.pk>></usr/share/texmf/fonts/opentype/public/tex-gyre/texgyretermes-bold.otf></usr/share/texlive/texmf-dist/fonts/opentype/public/gnu-freefont/FreeSerifBold.otf></usr/share/texlive/texmf-dist/fonts/opentype/public/gnu-freefont/FreeSerifBoldItalic.otf></usr/share/texlive/texmf-dist/fonts/opentype/public/gnu-freefont/FreeSerifItalic.otf></usr/share/texlive/texmf-dist/fonts/opentype/public/gnu-freefont/FreeSerif.otf></usr/share/texmf/fonts/opentype/public/tex-gyre/texgyretermes-regular.otf>
Output written on main.pdf (10 pages, 1542010 bytes).

PDF statistics: 299 PDF objects out of 1000 (max. 8388607)
 114 compressed objects within 2 object streams
 0 named destinations out of 1000 (max. 131072)
 1 words of extra memory for PDF output out of 10000 (max. 100000000)

